package foo

type foo struct {
	bar       string `conf:"env:BAR"`
	MyExample bool   `conf:"env:MY_EXAMPLE"`
	MyAnother []string
}
